2026-09-01T12:15:15.2957687Z Current runner version: '2.337.0'
2026-09-01T12:15:15.2993820Z ##[group]Runner Image Provisioner
2026-09-01T12:15:15.2995192Z Hosted Compute Agent
2026-09-01T12:15:15.2996227Z Version: 20260819.586
2026-09-01T12:15:15.2997292Z Commit: 3cc4a88dfa507ef76119ad1bb3eccc6378bb2b76
2026-09-01T12:15:15.2998916Z Build Date: 2026-08-18T23:20:18Z
2026-09-01T12:15:15.3000070Z Worker ID: {25baf60e-b713-437d-b0b9-b3636981bfb0}
2026-09-01T12:15:15.3001245Z Azure Region: eastus
2026-09-01T12:15:15.3002097Z ##[endgroup]
2026-09-01T12:15:15.3004430Z ##[group]Operating System
2026-09-01T12:15:15.3005480Z Microsoft Windows Server 2025
2026-09-01T12:15:15.3006511Z 10.0.26100
2026-09-01T12:15:15.3007318Z Datacenter
2026-09-01T12:15:15.3008078Z ##[endgroup]
2026-09-01T12:15:15.3008864Z ##[group]Runner Image
2026-09-01T12:15:15.3009830Z Image: windows-2025-vs2026
2026-09-01T12:15:15.3010779Z Version: 20260824.214.3
2026-09-01T12:15:15.3013185Z Included Software: https://github.com/actions/runner-images/blob/win25-vs2026/20260824.214/images/windows/Windows2025-VS2026-Readme.md
2026-09-01T12:15:15.3016040Z Image Release: https://github.com/actions/runner-images/releases/tag/win25-vs2026%2F20260824.214
2026-09-01T12:15:15.3017745Z ##[endgroup]
2026-09-01T12:15:15.3020040Z ##[group]GITHUB_TOKEN Permissions
2026-09-01T12:15:15.3022609Z Contents: read
2026-09-01T12:15:15.3023542Z Metadata: read
2026-09-01T12:15:15.3024485Z ##[endgroup]
2026-09-01T12:15:15.3027472Z Secret source: Actions
2026-09-01T12:15:15.3029175Z Prepare workflow directory
2026-09-01T12:15:15.3398007Z Prepare all required actions
2026-09-01T12:15:15.3445932Z Getting action download info
2026-09-01T12:15:15.5132887Z Download action repository 'actions/checkout@3d3c42e5aac5ba805825da76410c181273ba90b1' (SHA:3d3c42e5aac5ba805825da76410c181273ba90b1)
2026-09-01T12:15:15.6473000Z Download action repository 'actions/download-artifact@d3f86a106a0bac45b974a628896c90dbdf5c8093' (SHA:d3f86a106a0bac45b974a628896c90dbdf5c8093)
2026-09-01T12:15:15.9117994Z Download action repository 'actions/setup-node@820762786026740c76f36085b0efc47a31fe5020' (SHA:820762786026740c76f36085b0efc47a31fe5020)
2026-09-01T12:15:16.0779128Z Download action repository 'pnpm/action-setup@0977fd99725f1db4007ccb2928dbb4e90d06cc86' (SHA:0977fd99725f1db4007ccb2928dbb4e90d06cc86)
2026-09-01T12:15:16.1975579Z Download action repository 'actions/upload-artifact@ea165f8d65b6e75b540449e92b4886f43607fa02' (SHA:ea165f8d65b6e75b540449e92b4886f43607fa02)
2026-09-01T12:15:16.5480172Z Complete job name: installed-qualification
2026-09-01T12:15:16.7036652Z ##[group]Run actions/checkout@3d3c42e5aac5ba805825da76410c181273ba90b1
2026-09-01T12:15:16.7037868Z with:
2026-09-01T12:15:16.7038343Z   ref: aac9aa42fe617f832f8ebb7c7d06bb8810d918d1
2026-09-01T12:15:16.7038940Z   persist-credentials: false
2026-09-01T12:15:16.7039451Z   repository: Orthic-Labs/Membrane
2026-09-01T12:15:16.7043983Z   token: ***
2026-09-01T12:15:16.7044418Z   ssh-strict: true
2026-09-01T12:15:16.7044832Z   ssh-user: git
2026-09-01T12:15:16.7045254Z   clean: true
2026-09-01T12:15:16.7045671Z   sparse-checkout-cone-mode: true
2026-09-01T12:15:16.7046177Z   fetch-depth: 1
2026-09-01T12:15:16.7046585Z   fetch-tags: false
2026-09-01T12:15:16.7047014Z   show-progress: true
2026-09-01T12:15:16.7047434Z   lfs: false
2026-09-01T12:15:16.7047821Z   submodules: false
2026-09-01T12:15:16.7048238Z   set-safe-directory: true
2026-09-01T12:15:16.7048718Z   allow-unsafe-pr-checkout: false
2026-09-01T12:15:16.7104079Z ##[endgroup]
2026-09-01T12:15:16.8541629Z Syncing repository: Orthic-Labs/Membrane
2026-09-01T12:15:16.8543452Z ##[group]Getting Git version info
2026-09-01T12:15:16.8544100Z Working directory is 'D:\a\Membrane\Membrane'
2026-09-01T12:15:16.9721771Z [command]"C:\Program Files\Git\bin\git.exe" version
2026-09-01T12:15:17.3475654Z git version 2.55.0.windows.5
2026-09-01T12:15:17.3526983Z ##[endgroup]
2026-09-01T12:15:17.3546026Z Temporarily overriding HOME='D:\a\_temp\81047135-502f-4b4b-9e65-41425c8233a1' before making global git config changes
2026-09-01T12:15:17.3552306Z Adding repository directory to the temporary git global config as a safe directory
2026-09-01T12:15:17.3559746Z [command]"C:\Program Files\Git\bin\git.exe" config --global --add safe.directory D:\a\Membrane\Membrane
2026-09-01T12:15:17.4215701Z Deleting the contents of 'D:\a\Membrane\Membrane'
2026-09-01T12:15:17.4221047Z ##[group]Determining repository object format
2026-09-01T12:15:17.4223674Z ##[endgroup]
2026-09-01T12:15:17.4224619Z ##[group]Initializing the repository
2026-09-01T12:15:17.4231888Z [command]"C:\Program Files\Git\bin\git.exe" init D:\a\Membrane\Membrane
2026-09-01T12:15:17.5081363Z Initialized empty Git repository in D:/a/Membrane/Membrane/.git/
2026-09-01T12:15:17.5124835Z [command]"C:\Program Files\Git\bin\git.exe" remote add origin https://github.com/Orthic-Labs/Membrane
2026-09-01T12:15:17.5719923Z ##[endgroup]
2026-09-01T12:15:17.5720992Z ##[group]Disabling automatic garbage collection
2026-09-01T12:15:17.5729109Z [command]"C:\Program Files\Git\bin\git.exe" config --local gc.auto 0
2026-09-01T12:15:17.6020969Z ##[endgroup]
2026-09-01T12:15:17.6021968Z ##[group]Setting up auth
2026-09-01T12:15:17.6022747Z Removing SSH command configuration
2026-09-01T12:15:17.6031762Z [command]"C:\Program Files\Git\bin\git.exe" config --local --name-only --get-regexp core\.sshCommand
2026-09-01T12:15:17.6318811Z [command]"C:\Program Files\Git\bin\git.exe" submodule foreach --recursive "sh -c \"git config --local --name-only --get-regexp 'core\.sshCommand' && git config --local --unset-all 'core.sshCommand' || :\""
2026-09-01T12:15:19.0885075Z Removing HTTP extra header
2026-09-01T12:15:19.0901519Z [command]"C:\Program Files\Git\bin\git.exe" config --local --name-only --get-regexp http\.https\:\/\/github\.com\/\.extraheader
2026-09-01T12:15:19.1227463Z [command]"C:\Program Files\Git\bin\git.exe" submodule foreach --recursive "sh -c \"git config --local --name-only --get-regexp 'http\.https\:\/\/github\.com\/\.extraheader' && git config --local --unset-all 'http.https://github.com/.extraheader' || :\""
2026-09-01T12:15:19.6254768Z Removing includeIf entries pointing to credentials config files
2026-09-01T12:15:19.6269092Z [command]"C:\Program Files\Git\bin\git.exe" config --local --name-only --get-regexp ^includeIf\.gitdir:
2026-09-01T12:15:19.6591555Z [command]"C:\Program Files\Git\bin\git.exe" submodule foreach --recursive "git config --local --show-origin --name-only --get-regexp remote.origin.url"
2026-09-01T12:15:20.1821880Z [command]"C:\Program Files\Git\bin\git.exe" config --file D:\a\_temp\git-credentials-edd6742d-881e-47de-9b84-3364ad7e4532.config http.https://github.com/.extraheader "AUTHORIZATION: basic ***"
2026-09-01T12:15:20.2139483Z [command]"C:\Program Files\Git\bin\git.exe" config --local includeIf.gitdir:D:/a/Membrane/Membrane/.git.path D:\a\_temp\git-credentials-edd6742d-881e-47de-9b84-3364ad7e4532.config
2026-09-01T12:15:20.2457460Z [command]"C:\Program Files\Git\bin\git.exe" config --local includeIf.gitdir:D:/a/Membrane/Membrane/.git/worktrees/*.path D:\a\_temp\git-credentials-edd6742d-881e-47de-9b84-3364ad7e4532.config
2026-09-01T12:15:20.2794376Z [command]"C:\Program Files\Git\bin\git.exe" config --local includeIf.gitdir:/github/workspace/.git.path /github/runner_temp/git-credentials-edd6742d-881e-47de-9b84-3364ad7e4532.config
2026-09-01T12:15:20.3093015Z [command]"C:\Program Files\Git\bin\git.exe" config --local includeIf.gitdir:/github/workspace/.git/worktrees/*.path /github/runner_temp/git-credentials-edd6742d-881e-47de-9b84-3364ad7e4532.config
2026-09-01T12:15:20.3431836Z ##[endgroup]
2026-09-01T12:15:20.3432248Z ##[group]Fetching the repository
2026-09-01T12:15:20.3449322Z [command]"C:\Program Files\Git\bin\git.exe" -c protocol.version=2 fetch --no-tags --prune --no-recurse-submodules --depth=1 origin aac9aa42fe617f832f8ebb7c7d06bb8810d918d1
2026-09-01T12:15:36.1165321Z From https://github.com/Orthic-Labs/Membrane
2026-09-01T12:15:36.1166151Z  * branch            aac9aa42fe617f832f8ebb7c7d06bb8810d918d1 -> FETCH_HEAD
2026-09-01T12:15:36.1222682Z [command]"C:\Program Files\Git\bin\git.exe" rev-parse --verify --quiet aac9aa42fe617f832f8ebb7c7d06bb8810d918d1^{object}
2026-09-01T12:15:36.1630801Z aac9aa42fe617f832f8ebb7c7d06bb8810d918d1
2026-09-01T12:15:36.1666953Z ##[endgroup]
2026-09-01T12:15:36.1667433Z ##[group]Determining the checkout info
2026-09-01T12:15:36.1667954Z ##[endgroup]
2026-09-01T12:15:36.1675431Z [command]"C:\Program Files\Git\bin\git.exe" sparse-checkout disable
2026-09-01T12:15:36.2110648Z [command]"C:\Program Files\Git\bin\git.exe" config --local --unset-all extensions.worktreeConfig
2026-09-01T12:15:36.2435488Z ##[group]Checking out the ref
2026-09-01T12:15:36.2445600Z [command]"C:\Program Files\Git\bin\git.exe" checkout --progress --force aac9aa42fe617f832f8ebb7c7d06bb8810d918d1
2026-09-01T12:15:37.3383334Z Updating files:  81% (1880/2307)
2026-09-01T12:15:37.3697142Z Updating files:  82% (1892/2307)
2026-09-01T12:15:37.3755861Z Updating files:  83% (1915/2307)
2026-09-01T12:15:37.3824546Z Updating files:  84% (1938/2307)
2026-09-01T12:15:37.3888723Z Updating files:  85% (1961/2307)
2026-09-01T12:15:37.3956848Z Updating files:  86% (1985/2307)
2026-09-01T12:15:37.4041265Z Updating files:  87% (2008/2307)
2026-09-01T12:15:37.4152426Z Updating files:  88% (2031/2307)
2026-09-01T12:15:37.4205471Z Updating files:  89% (2054/2307)
2026-09-01T12:15:37.4265038Z Updating files:  90% (2077/2307)
2026-09-01T12:15:37.4315213Z Updating files:  91% (2100/2307)
2026-09-01T12:15:37.4362580Z Updating files:  92% (2123/2307)
2026-09-01T12:15:37.4421051Z Updating files:  93% (2146/2307)
2026-09-01T12:15:37.4488076Z Updating files:  94% (2169/2307)
2026-09-01T12:15:37.4550574Z Updating files:  95% (2192/2307)
2026-09-01T12:15:37.4619206Z Updating files:  96% (2215/2307)
2026-09-01T12:15:37.4684567Z Updating files:  97% (2238/2307)
2026-09-01T12:15:37.4754776Z Updating files:  98% (2261/2307)
2026-09-01T12:15:37.4825818Z Updating files:  99% (2284/2307)
2026-09-01T12:15:37.4826475Z Updating files: 100% (2307/2307)
2026-09-01T12:15:37.4826744Z Updating files: 100% (2307/2307), done.
2026-09-01T12:15:37.4953466Z Note: switching to 'aac9aa42fe617f832f8ebb7c7d06bb8810d918d1'.
2026-09-01T12:15:37.4953989Z 
2026-09-01T12:15:37.4954316Z You are in 'detached HEAD' state. You can look around, make experimental
2026-09-01T12:15:37.4955129Z changes and commit them, and you can discard any commits you make in this
2026-09-01T12:15:37.4955942Z state without impacting any branches by switching back to a branch.
2026-09-01T12:15:37.4957439Z 
2026-09-01T12:15:37.4957686Z If you want to create a new branch to retain commits you create, you may
2026-09-01T12:15:37.4958143Z do so (now or later) by using -c with the switch command. Example:
2026-09-01T12:15:37.4958621Z 
2026-09-01T12:15:37.4958737Z   git switch -c <new-branch-name>
2026-09-01T12:15:37.4958912Z 
2026-09-01T12:15:37.4959000Z Or undo this operation with:
2026-09-01T12:15:37.4959150Z 
2026-09-01T12:15:37.4959223Z   git switch -
2026-09-01T12:15:37.4959348Z 
2026-09-01T12:15:37.4959547Z Turn off this advice by setting config variable advice.detachedHead to false
2026-09-01T12:15:37.4959848Z 
2026-09-01T12:15:37.4960048Z HEAD is now at aac9aa4 fix(release): expose Windows CLI activation contract
2026-09-01T12:15:37.5207677Z ##[endgroup]
2026-09-01T12:15:37.5583542Z [command]"C:\Program Files\Git\bin\git.exe" log -1 --format=%H
2026-09-01T12:15:37.5857941Z aac9aa42fe617f832f8ebb7c7d06bb8810d918d1
2026-09-01T12:15:37.5896319Z ##[group]Removing auth
2026-09-01T12:15:37.5896668Z Removing SSH command configuration
2026-09-01T12:15:37.5906172Z [command]"C:\Program Files\Git\bin\git.exe" config --local --name-only --get-regexp core\.sshCommand
2026-09-01T12:15:37.6217421Z [command]"C:\Program Files\Git\bin\git.exe" submodule foreach --recursive "sh -c \"git config --local --name-only --get-regexp 'core\.sshCommand' && git config --local --unset-all 'core.sshCommand' || :\""
2026-09-01T12:15:38.1562539Z Removing HTTP extra header
2026-09-01T12:15:38.1564137Z [command]"C:\Program Files\Git\bin\git.exe" config --local --name-only --get-regexp http\.https\:\/\/github\.com\/\.extraheader
2026-09-01T12:15:38.1860206Z [command]"C:\Program Files\Git\bin\git.exe" submodule foreach --recursive "sh -c \"git config --local --name-only --get-regexp 'http\.https\:\/\/github\.com\/\.extraheader' && git config --local --unset-all 'http.https://github.com/.extraheader' || :\""
2026-09-01T12:15:38.7405036Z Removing includeIf entries pointing to credentials config files
2026-09-01T12:15:38.7413336Z [command]"C:\Program Files\Git\bin\git.exe" config --local --name-only --get-regexp ^includeIf\.gitdir:
2026-09-01T12:15:38.7666829Z includeif.gitdir:D:/a/Membrane/Membrane/.git.path
2026-09-01T12:15:38.7667825Z includeif.gitdir:D:/a/Membrane/Membrane/.git/worktrees/*.path
2026-09-01T12:15:38.7668459Z includeif.gitdir:/github/workspace/.git.path
2026-09-01T12:15:38.7669046Z includeif.gitdir:/github/workspace/.git/worktrees/*.path
2026-09-01T12:15:38.7711737Z [command]"C:\Program Files\Git\bin\git.exe" config --local --get-all includeif.gitdir:D:/a/Membrane/Membrane/.git.path
2026-09-01T12:15:38.7980746Z D:\a\_temp\git-credentials-edd6742d-881e-47de-9b84-3364ad7e4532.config
2026-09-01T12:15:38.8019118Z [command]"C:\Program Files\Git\bin\git.exe" config --local --unset includeif.gitdir:D:/a/Membrane/Membrane/.git.path D\:\\a\\_temp\\git\-credentials\-edd6742d\-881e\-47de\-9b84\-3364ad7e4532\.config
2026-09-01T12:15:38.8331148Z [command]"C:\Program Files\Git\bin\git.exe" config --local --get-all includeif.gitdir:D:/a/Membrane/Membrane/.git/worktrees/*.path
2026-09-01T12:15:38.8613502Z D:\a\_temp\git-credentials-edd6742d-881e-47de-9b84-3364ad7e4532.config
2026-09-01T12:15:38.8650426Z [command]"C:\Program Files\Git\bin\git.exe" config --local --unset includeif.gitdir:D:/a/Membrane/Membrane/.git/worktrees/*.path D\:\\a\\_temp\\git\-credentials\-edd6742d\-881e\-47de\-9b84\-3364ad7e4532\.config
2026-09-01T12:15:38.8953842Z [command]"C:\Program Files\Git\bin\git.exe" config --local --get-all includeif.gitdir:/github/workspace/.git.path
2026-09-01T12:15:38.9208602Z /github/runner_temp/git-credentials-edd6742d-881e-47de-9b84-3364ad7e4532.config
2026-09-01T12:15:38.9244124Z [command]"C:\Program Files\Git\bin\git.exe" config --local --unset includeif.gitdir:/github/workspace/.git.path \/github\/runner_temp\/git\-credentials\-edd6742d\-881e\-47de\-9b84\-3364ad7e4532\.config
2026-09-01T12:15:38.9541580Z [command]"C:\Program Files\Git\bin\git.exe" config --local --get-all includeif.gitdir:/github/workspace/.git/worktrees/*.path
2026-09-01T12:15:38.9796563Z /github/runner_temp/git-credentials-edd6742d-881e-47de-9b84-3364ad7e4532.config
2026-09-01T12:15:38.9833600Z [command]"C:\Program Files\Git\bin\git.exe" config --local --unset includeif.gitdir:/github/workspace/.git/worktrees/*.path \/github\/runner_temp\/git\-credentials\-edd6742d\-881e\-47de\-9b84\-3364ad7e4532\.config
2026-09-01T12:15:39.0131319Z [command]"C:\Program Files\Git\bin\git.exe" submodule foreach --recursive "git config --local --show-origin --name-only --get-regexp remote.origin.url"
2026-09-01T12:15:39.5641565Z Removing credentials config 'D:\a\_temp\git-credentials-edd6742d-881e-47de-9b84-3364ad7e4532.config'
2026-09-01T12:15:39.5653900Z ##[endgroup]
2026-09-01T12:15:39.6073123Z Node 20 is being deprecated. This workflow is running with Node 24 by default. If you need to temporarily use Node 20, you can set the ACTIONS_ALLOW_USE_UNSECURE_NODE_VERSION=true environment variable. For more information see: https://github.blog/changelog/2025-09-19-deprecation-of-node-20-on-github-actions-runners/
2026-09-01T12:15:39.6075245Z ##[group]Run actions/download-artifact@d3f86a106a0bac45b974a628896c90dbdf5c8093
2026-09-01T12:15:39.6075643Z with:
2026-09-01T12:15:39.6076027Z   name: membrane-33505721702-1-signed-windows-x86_64-0.1.24-aac9aa42fe617f832f8ebb7c7d06bb8810d918d1
2026-09-01T12:15:39.6076520Z   path: D:\a\_temp/right-git-release/windows
2026-09-01T12:15:39.6076786Z   merge-multiple: false
2026-09-01T12:15:39.6077253Z   repository: Orthic-Labs/Membrane
2026-09-01T12:15:39.6077484Z   run-id: 33505721702
2026-09-01T12:15:39.6077670Z ##[endgroup]
2026-09-01T12:15:39.7839514Z Downloading single artifact
2026-09-01T12:15:39.8103828Z (node:6816) [DEP0040] DeprecationWarning: The `punycode` module is deprecated. Please use a userland alternative instead.
2026-09-01T12:15:39.8104541Z (Use `node --trace-deprecation ...` to show where the warning was created)
2026-09-01T12:15:39.8778187Z Preparing to download the following artifacts:
2026-09-01T12:15:39.8779797Z - membrane-33505721702-1-signed-windows-x86_64-0.1.24-aac9aa42fe617f832f8ebb7c7d06bb8810d918d1 (ID: 9799851971, Size: 435449872, Expected Digest: sha256:eab2688c0656268e6cc3a409e020250304b6835bda93ec80577f1c68bc7d03c5)
2026-09-01T12:15:40.0052667Z Redirecting to blob download url: https://productionresultssa0.blob.core.windows.net/actions-results/5077f050-8212-4e70-ab47-2929c26a88f6/workflow-job-run-d68fe853-6093-5e3d-beb2-66163f841d53/artifacts/39b6c16dd28504fcb3824bbeb78660a5098ee76a02038f2ebfdc747da152b324.zip
2026-09-01T12:15:40.0054984Z Starting download of artifact to: D:\a\_temp\right-git-release\windows
2026-09-01T12:15:40.1451771Z (node:6816) [DEP0005] DeprecationWarning: Buffer() is deprecated due to security and usability issues. Please use the Buffer.alloc(), Buffer.allocUnsafe(), or Buffer.from() methods instead.
2026-09-01T12:15:55.0645895Z SHA256 digest of downloaded artifact is eab2688c0656268e6cc3a409e020250304b6835bda93ec80577f1c68bc7d03c5
2026-09-01T12:15:55.0646954Z Artifact download completed successfully.
2026-09-01T12:15:55.0647360Z Total of 1 artifact(s) downloaded
2026-09-01T12:15:55.0657016Z Download artifact has finished successfully
2026-09-01T12:15:55.1119170Z ##[group]Run actions/setup-node@820762786026740c76f36085b0efc47a31fe5020
2026-09-01T12:15:55.1119609Z with:
2026-09-01T12:15:55.1119789Z   node-version: 22.13
2026-09-01T12:15:55.1120001Z   package-manager-cache: false
2026-09-01T12:15:55.1120250Z   check-latest: false
2026-09-01T12:15:55.1123597Z   token: ***
2026-09-01T12:15:55.1123946Z ##[endgroup]
2026-09-01T12:15:55.2953278Z Attempting to download 22.13...
2026-09-01T12:15:55.8713991Z Acquiring 22.13.1 - x64 from https://github.com/actions/node-versions/releases/download/22.13.1-12900459766/node-22.13.1-win32-x64.7z
2026-09-01T12:15:56.2012094Z Extracting ...
2026-09-01T12:15:58.7657154Z Adding to the cache ...
2026-09-01T12:16:04.0433116Z ##[group]Environment details
2026-09-01T12:16:05.5864670Z node: v22.13.1
2026-09-01T12:16:05.5865031Z npm: 10.9.2
2026-09-01T12:16:05.5865246Z yarn: 1.22.22
2026-09-01T12:16:05.5865663Z ##[endgroup]
2026-09-01T12:16:05.6174861Z ##[group]Run pnpm/action-setup@0977fd99725f1db4007ccb2928dbb4e90d06cc86
2026-09-01T12:16:05.6175312Z with:
2026-09-01T12:16:05.6175491Z   version: 11.24.0
2026-09-01T12:16:05.6175697Z   dest: ~/setup-pnpm
2026-09-01T12:16:05.6175904Z   run_install: null
2026-09-01T12:16:05.6176084Z   cache: false
2026-09-01T12:16:05.6176306Z   cache_dependency_path: pnpm-lock.yaml
2026-09-01T12:16:05.6176621Z   package_json_file: package.json
2026-09-01T12:16:05.6176870Z   standalone: false
2026-09-01T12:16:05.6177068Z ##[endgroup]
2026-09-01T12:16:05.8078784Z ##[group]Running self-installer...
2026-09-01T12:16:05.8163470Z (node:7496) [DEP0190] DeprecationWarning: Passing args to a child process with shell option true can lead to security vulnerabilities, as the arguments are not escaped, only concatenated.
2026-09-01T12:16:05.8165275Z (Use `node --trace-deprecation ...` to show where the warning was created)
2026-09-01T12:16:17.0192999Z 
2026-09-01T12:16:17.0193912Z added 1 package, and audited 2 packages in 11s
2026-09-01T12:16:17.0194387Z 
2026-09-01T12:16:17.0194903Z 1 package is looking for funding
2026-09-01T12:16:17.0195619Z   run `npm fund` for details
2026-09-01T12:16:17.0205365Z 
2026-09-01T12:16:17.0205812Z found 0 vulnerabilities
2026-09-01T12:16:19.4634946Z Checking for updates...
2026-09-01T12:16:19.8753688Z Switching pnpm from v11.19.0 to v11.24.0...
2026-09-01T12:16:20.4808695Z .../1f38-1a05ce61f30-2e7d421336fd9a86    | Progress: resolved 1, reused 0, downloaded 0, added 0
2026-09-01T12:16:20.4827745Z .../1f38-1a05ce61f30-2e7d421336fd9a86    |   +1 +
2026-09-01T12:16:21.4823838Z .../1f38-1a05ce61f30-2e7d421336fd9a86    | Progress: resolved 1, reused 0, downloaded 1, added 0
2026-09-01T12:16:23.0302492Z .../1f38-1a05ce61f30-2e7d421336fd9a86    | Progress: resolved 1, reused 0, downloaded 1, added 1
2026-09-01T12:16:23.0305872Z .../1f38-1a05ce61f30-2e7d421336fd9a86    | Progress: resolved 1, reused 0, downloaded 1, added 1, done
2026-09-01T12:16:23.9442673Z [WARN] Detected a pnpm v10 installation layout at PNPM_HOME. The pnpm shims at PNPM_HOME have been refreshed so the new version is active, but pnpm v11 expects bins in PNPM_HOME/bin. Run "pnpm setup" to migrate your PATH to the v11 layout.
2026-09-01T12:16:23.9475229Z Successfully updated pnpm to v11.24.0
2026-09-01T12:16:24.0420212Z ##[endgroup]
2026-09-01T12:16:24.0420834Z Installation Completed!
2026-09-01T12:16:24.0693115Z ##[group]Run pnpm install --frozen-lockfile
2026-09-01T12:16:24.0693555Z [36;1mpnpm install --frozen-lockfile[0m
2026-09-01T12:16:24.2425531Z shell: C:\Program Files\PowerShell\7\pwsh.EXE -command ". '{0}'"
2026-09-01T12:16:24.2426020Z env:
2026-09-01T12:16:24.2426373Z   PNPM_HOME: C:\Users\runneradmin\setup-pnpm\node_modules\.bin
2026-09-01T12:16:24.2426809Z ##[endgroup]
2026-09-01T12:16:25.1596202Z blueprint                                | [WARN] Unsupported engine: wanted: {"node":">=22.22.3"} (current: {"node":"v22.13.1","pnpm":"11.24.0"})
2026-09-01T12:16:25.1732575Z Scope: all 2 workspace projects
2026-09-01T12:16:25.2282636Z ? Verifying lockfile against supply-chain policies (119 entries)...
2026-09-01T12:16:25.2410777Z Lockfile is up to date, resolution step is skipped
2026-09-01T12:16:25.3721778Z Progress: resolved 1, reused 0, downloaded 0, added 0
2026-09-01T12:16:25.3935012Z Packages: +108
2026-09-01T12:16:25.3937550Z ++++++++++++++++++++++++++++++++++++++++++++++++++++++++++++++++++++++++++++++++
2026-09-01T12:16:26.3185678Z ✓ Lockfile passes supply-chain policies (119 entries in 1s)
2026-09-01T12:16:26.3780090Z Progress: resolved 108, reused 0, downloaded 21, added 0
2026-09-01T12:16:26.7317403Z Packages are hard linked from the content-addressable store to the virtual store.
2026-09-01T12:16:26.7319162Z   Content-addressable store is at: D:\.pnpm-store\v11
2026-09-01T12:16:26.7319896Z   Virtual store is at:             node_modules/.pnpm
2026-09-01T12:16:27.1770208Z Progress: resolved 108, reused 0, downloaded 108, added 108, done
2026-09-01T12:16:27.2542005Z .../node_modules/@parcel/watcher install$ node scripts/build-from-source.js
2026-09-01T12:16:27.3129158Z .../node_modules/@parcel/watcher install: Done
2026-09-01T12:16:27.3682027Z 
2026-09-01T12:16:27.3682933Z dependencies:
2026-09-01T12:16:27.3683475Z + @modelcontextprotocol/server 2.0.0
2026-09-01T12:16:27.3683960Z + @rightkit/hooks 0.1.0
2026-09-01T12:16:27.3684241Z 
2026-09-01T12:16:27.3684402Z devDependencies:
2026-09-01T12:16:27.3684793Z + @rightkit/ax 0.2.1
2026-09-01T12:16:27.3685193Z + @rightkit/git 0.2.24
2026-09-01T12:16:27.3685583Z + @rightkit/release 0.2.101
2026-09-01T12:16:27.3685843Z 
2026-09-01T12:16:27.4082413Z Done in 2.7s using pnpm v11.24.0
2026-09-01T12:16:27.5892011Z ##[group]Run pnpm run release:stage-summary
2026-09-01T12:16:27.5892411Z [36;1mpnpm run release:stage-summary[0m
2026-09-01T12:16:27.6085004Z shell: C:\Program Files\PowerShell\7\pwsh.EXE -command ". '{0}'"
2026-09-01T12:16:27.6085358Z env:
2026-09-01T12:16:27.6085623Z   PNPM_HOME: C:\Users\runneradmin\setup-pnpm\node_modules\.bin
2026-09-01T12:16:27.6085956Z   RIGHT_GIT_STAGE_ACTION: init
2026-09-01T12:16:27.6086256Z   RIGHT_GIT_STAGE_ROOT: D:\a\_temp/right-git-stage-summary
2026-09-01T12:16:27.6086685Z   RIGHT_GIT_STAGE_EVIDENCE_ROOT: D:\a\_temp/right-git-release/qualification
2026-09-01T12:16:27.6087075Z   RIGHT_GIT_STAGE: installed-qualification
2026-09-01T12:16:27.6087562Z   RIGHT_GIT_STAGE_PRODUCER: installed-qualification
2026-09-01T12:16:27.6087865Z   RIGHT_GIT_RELEASE_VERSION: 0.1.24
2026-09-01T12:16:27.6088217Z   RIGHT_GIT_SOURCE_REVISION: aac9aa42fe617f832f8ebb7c7d06bb8810d918d1
2026-09-01T12:16:27.6088575Z   RIGHT_GIT_RUN_ID: 33505721702
2026-09-01T12:16:27.6088837Z   RIGHT_GIT_RUN_ATTEMPT: 1
2026-09-01T12:16:27.6089050Z ##[endgroup]
2026-09-01T12:16:28.5141695Z $ node scripts/release/right-git-release-chain.mjs stage-summary
2026-09-01T12:16:28.7236791Z ##[group]Run pnpm run release:qualify:installed
2026-09-01T12:16:28.7237239Z [36;1mpnpm run release:qualify:installed[0m
2026-09-01T12:16:28.7340485Z shell: C:\Program Files\PowerShell\7\pwsh.EXE -command ". '{0}'"
2026-09-01T12:16:28.7340845Z env:
2026-09-01T12:16:28.7341114Z   PNPM_HOME: C:\Users\runneradmin\setup-pnpm\node_modules\.bin
2026-09-01T12:16:28.7344034Z   GH_TOKEN: ***
2026-09-01T12:16:28.7344372Z   RIGHT_GIT_FINALIZED_WINDOWS_ROOT: D:\a\_temp/right-git-release/windows
2026-09-01T12:16:28.7344913Z   RIGHT_GIT_QUALIFICATION_EVIDENCE_ROOT: D:\a\_temp/right-git-release/qualification
2026-09-01T12:16:28.7345329Z   RIGHT_GIT_RELEASE_VERSION: 0.1.24
2026-09-01T12:16:28.7345669Z   RIGHT_GIT_SOURCE_REVISION: aac9aa42fe617f832f8ebb7c7d06bb8810d918d1
2026-09-01T12:16:28.7346009Z ##[endgroup]
2026-09-01T12:16:29.5765515Z $ node scripts/release/right-git-release-chain.mjs qualify-installed
2026-09-01T12:16:47.0244564Z installer failed with exit code 2: D:\a\_temp\right-git-release\windows\Membrane_Hub_0.1.24_x64-setup.exe
2026-09-01T12:16:47.0245850Z At D:\a\Membrane\Membrane\scripts\qualification\install-release.ps1:51 char:26
2026-09-01T12:16:47.0246702Z +   if (-not $Condition) { throw $Message }
2026-09-01T12:16:47.0247272Z +                          ~~~~~~~~~~~~~~
2026-09-01T12:16:47.0248253Z     + CategoryInfo          : OperationStopped: (installer faile...4_x64-setup.exe:String) [], RuntimeException
2026-09-01T12:16:47.0249381Z     + FullyQualifiedErrorId : installer failed with exit code 2: D:\a\_temp\right-git-release\windows\Membrane_Hub_0.1 
2026-09-01T12:16:47.0249961Z    .24_x64-setup.exe
2026-09-01T12:16:47.0250163Z  
2026-09-01T12:16:47.0809843Z file:///D:/a/Membrane/Membrane/scripts/release/right-git-release-chain.mjs:40
2026-09-01T12:16:47.0813520Z   if (result.status !== 0) throw new Error(`${command} exited ${result.status}`);
2026-09-01T12:16:47.0814518Z                                  ^
2026-09-01T12:16:47.0814779Z 
2026-09-01T12:16:47.0814987Z Error: powershell exited 1
2026-09-01T12:16:47.0815716Z     at run (file:///D:/a/Membrane/Membrane/scripts/release/right-git-release-chain.mjs:40:34)
2026-09-01T12:16:47.0817279Z     at qualifyInstalled (file:///D:/a/Membrane/Membrane/scripts/release/right-git-release-chain.mjs:395:3)
2026-09-01T12:16:47.0818551Z     at file:///D:/a/Membrane/Membrane/scripts/release/right-git-release-chain.mjs:443:42
2026-09-01T12:16:47.0819426Z     at ModuleJob.run (node:internal/modules/esm/module_job:271:25)
2026-09-01T12:16:47.0820357Z     at async onImport.tracePromise.__proto__ (node:internal/modules/esm/loader:547:26)
2026-09-01T12:16:47.0821339Z     at async asyncRunEntryPointWithESMLoader (node:internal/modules/run_main:116:5)
2026-09-01T12:16:47.0821877Z 
2026-09-01T12:16:47.0822011Z Node.js v22.13.1
2026-09-01T12:16:47.1067254Z [ELIFECYCLE] Command failed with exit code 1.
2026-09-01T12:16:47.2219421Z ##[error]Process completed with exit code 1.
2026-09-01T12:16:47.2405758Z ##[group]Run pnpm run release:stage-summary
2026-09-01T12:16:47.2406168Z [36;1mpnpm run release:stage-summary[0m
2026-09-01T12:16:47.2504846Z shell: C:\Program Files\PowerShell\7\pwsh.EXE -command ". '{0}'"
2026-09-01T12:16:47.2505201Z env:
2026-09-01T12:16:47.2505477Z   PNPM_HOME: C:\Users\runneradmin\setup-pnpm\node_modules\.bin
2026-09-01T12:16:47.2505819Z   RIGHT_GIT_STAGE_ACTION: finalize
2026-09-01T12:16:47.2506134Z   RIGHT_GIT_STAGE_ROOT: D:\a\_temp/right-git-stage-summary
2026-09-01T12:16:47.2506565Z   RIGHT_GIT_STAGE_EVIDENCE_ROOT: D:\a\_temp/right-git-release/qualification
2026-09-01T12:16:47.2507178Z   RIGHT_GIT_STAGE: installed-qualification
2026-09-01T12:16:47.2507491Z   RIGHT_GIT_STAGE_PRODUCER: installed-qualification
2026-09-01T12:16:47.2507798Z   RIGHT_GIT_STAGE_STATUS: FAILED
2026-09-01T12:16:47.2508032Z   RIGHT_GIT_STAGE_EXIT_CODE: 1
2026-09-01T12:16:47.2508371Z   RIGHT_GIT_RELEASE_VERSION: 0.1.24
2026-09-01T12:16:47.2508771Z   RIGHT_GIT_SOURCE_REVISION: aac9aa42fe617f832f8ebb7c7d06bb8810d918d1
2026-09-01T12:16:47.2509123Z   RIGHT_GIT_RUN_ID: 33505721702
2026-09-01T12:16:47.2509352Z   RIGHT_GIT_RUN_ATTEMPT: 1
2026-09-01T12:16:47.2509565Z ##[endgroup]
2026-09-01T12:16:48.0904893Z $ node scripts/release/right-git-release-chain.mjs stage-summary
2026-09-01T12:16:48.3234117Z Node 20 is being deprecated. This workflow is running with Node 24 by default. If you need to temporarily use Node 20, you can set the ACTIONS_ALLOW_USE_UNSECURE_NODE_VERSION=true environment variable. For more information see: https://github.blog/changelog/2025-09-19-deprecation-of-node-20-on-github-actions-runners/
2026-09-01T12:16:48.3235634Z ##[group]Run actions/upload-artifact@ea165f8d65b6e75b540449e92b4886f43607fa02
2026-09-01T12:16:48.3236009Z with:
2026-09-01T12:16:48.3236437Z   name: membrane-33505721702-1-installed-qualification-0.1.24-aac9aa42fe617f832f8ebb7c7d06bb8810d918d1
2026-09-01T12:16:48.3236995Z   path: D:\a\_temp/right-git-release/qualification/**
2026-09-01T12:16:48.3237287Z   if-no-files-found: error
2026-09-01T12:16:48.3237502Z   compression-level: 6
2026-09-01T12:16:48.3237693Z   overwrite: false
2026-09-01T12:16:48.3237883Z   include-hidden-files: false
2026-09-01T12:16:48.3238090Z env:
2026-09-01T12:16:48.3238356Z   PNPM_HOME: C:\Users\runneradmin\setup-pnpm\node_modules\.bin
2026-09-01T12:16:48.3238663Z ##[endgroup]
2026-09-01T12:16:48.5167671Z (node:8756) [DEP0040] DeprecationWarning: The `punycode` module is deprecated. Please use a userland alternative instead.
2026-09-01T12:16:48.5169039Z (Use `node --trace-deprecation ...` to show where the warning was created)
2026-09-01T12:16:48.5240359Z ##[error]No files were found with the provided path: D:\a\_temp/right-git-release/qualification/**. No artifacts will be uploaded.
2026-09-01T12:16:48.5510751Z Node 20 is being deprecated. This workflow is running with Node 24 by default. If you need to temporarily use Node 20, you can set the ACTIONS_ALLOW_USE_UNSECURE_NODE_VERSION=true environment variable. For more information see: https://github.blog/changelog/2025-09-19-deprecation-of-node-20-on-github-actions-runners/
2026-09-01T12:16:48.5512224Z ##[group]Run actions/upload-artifact@ea165f8d65b6e75b540449e92b4886f43607fa02
2026-09-01T12:16:48.5512597Z with:
2026-09-01T12:16:48.5513065Z   name: membrane-33505721702-1-summary-installed-qualification-0.1.24-aac9aa42fe617f832f8ebb7c7d06bb8810d918d1
2026-09-01T12:16:48.5513698Z   path: D:\a\_temp/right-git-stage-summary/stage-summary.json
2026-09-01T12:16:48.5514028Z   if-no-files-found: error
2026-09-01T12:16:48.5514269Z   compression-level: 6
2026-09-01T12:16:48.5514463Z   overwrite: false
2026-09-01T12:16:48.5514655Z   include-hidden-files: false
2026-09-01T12:16:48.5514866Z env:
2026-09-01T12:16:48.5515135Z   PNPM_HOME: C:\Users\runneradmin\setup-pnpm\node_modules\.bin
2026-09-01T12:16:48.5515640Z ##[endgroup]
2026-09-01T12:16:48.7411322Z (node:8368) [DEP0040] DeprecationWarning: The `punycode` module is deprecated. Please use a userland alternative instead.
2026-09-01T12:16:48.7412133Z (Use `node --trace-deprecation ...` to show where the warning was created)
2026-09-01T12:16:48.7464716Z With the provided path, there will be 1 file uploaded
2026-09-01T12:16:48.7470177Z Artifact name is valid!
2026-09-01T12:16:48.7472836Z Root directory input is valid!
2026-09-01T12:16:48.9611724Z Beginning upload of artifact content to blob storage
2026-09-01T12:16:48.9821474Z (node:8368) [DEP0169] DeprecationWarning: `url.parse()` behavior is not standardized and prone to errors that have security implications. Use the WHATWG URL API instead. CVEs are not issued for `url.parse()` vulnerabilities.
2026-09-01T12:16:49.0056904Z Uploaded bytes 402
2026-09-01T12:16:49.0214467Z Finished uploading artifact content to blob storage!
2026-09-01T12:16:49.0215578Z SHA256 digest of uploaded artifact zip is 9b5e357a10334bd8855cd65c3ec18ade0a3f20d36a91dda8494a34d3b729e73f
2026-09-01T12:16:49.0218037Z Finalizing artifact upload
2026-09-01T12:16:49.2190604Z Artifact membrane-33505721702-1-summary-installed-qualification-0.1.24-aac9aa42fe617f832f8ebb7c7d06bb8810d918d1.zip successfully finalized. Artifact ID 9799915151
2026-09-01T12:16:49.2192682Z Artifact membrane-33505721702-1-summary-installed-qualification-0.1.24-aac9aa42fe617f832f8ebb7c7d06bb8810d918d1 has been successfully uploaded! Final size is 402 bytes. Artifact ID is 9799915151
2026-09-01T12:16:49.2202662Z Artifact download URL: https://github.com/Orthic-Labs/Membrane/actions/runs/33505721702/artifacts/9799915151
2026-09-01T12:16:49.2518099Z Post job cleanup.
2026-09-01T12:16:49.4297062Z Pruning is unnecessary.
2026-09-01T12:16:49.4665822Z Post job cleanup.
2026-09-01T12:16:49.6941534Z [command]"C:\Program Files\Git\bin\git.exe" version
2026-09-01T12:16:49.7217165Z git version 2.55.0.windows.5
2026-09-01T12:16:49.7283091Z Temporarily overriding HOME='D:\a\_temp\829b950a-58d3-47c7-bd61-16735041f5ac' before making global git config changes
2026-09-01T12:16:49.7284489Z Adding repository directory to the temporary git global config as a safe directory
2026-09-01T12:16:49.7292772Z [command]"C:\Program Files\Git\bin\git.exe" config --global --add safe.directory D:\a\Membrane\Membrane
2026-09-01T12:16:49.7580164Z Removing SSH command configuration
2026-09-01T12:16:49.7590051Z [command]"C:\Program Files\Git\bin\git.exe" config --local --name-only --get-regexp core\.sshCommand
2026-09-01T12:16:49.7881758Z [command]"C:\Program Files\Git\bin\git.exe" submodule foreach --recursive "sh -c \"git config --local --name-only --get-regexp 'core\.sshCommand' && git config --local --unset-all 'core.sshCommand' || :\""
2026-09-01T12:16:50.3182066Z Removing HTTP extra header
2026-09-01T12:16:50.3192931Z [command]"C:\Program Files\Git\bin\git.exe" config --local --name-only --get-regexp http\.https\:\/\/github\.com\/\.extraheader
2026-09-01T12:16:50.3489064Z [command]"C:\Program Files\Git\bin\git.exe" submodule foreach --recursive "sh -c \"git config --local --name-only --get-regexp 'http\.https\:\/\/github\.com\/\.extraheader' && git config --local --unset-all 'http.https://github.com/.extraheader' || :\""
2026-09-01T12:16:50.9038683Z Removing includeIf entries pointing to credentials config files
2026-09-01T12:16:50.9049247Z [command]"C:\Program Files\Git\bin\git.exe" config --local --name-only --get-regexp ^includeIf\.gitdir:
2026-09-01T12:16:50.9339241Z [command]"C:\Program Files\Git\bin\git.exe" submodule foreach --recursive "git config --local --show-origin --name-only --get-regexp remote.origin.url"
2026-09-01T12:16:51.4778295Z Cleaning up orphan processes
2026-09-01T12:16:51.4843321Z ##[warning]Node.js 20 is deprecated. The following actions target Node.js 20 but are being forced to run on Node.js 24: actions/download-artifact@d3f86a106a0bac45b974a628896c90dbdf5c8093, actions/upload-artifact@ea165f8d65b6e75b540449e92b4886f43607fa02. For more information see: https://github.blog/changelog/2025-09-19-deprecation-of-node-20-on-github-actions-runners/
