$ node --test tests/maintenance/maintenance-exec-contract.test.mjs tests/maintenance/maintenance-contract.test.mjs
# tests 5, pass 5, fail 0.
# ✔ MBR-508 keeps maintenance planning pure & bounded
# ✔ MBR-508 receipts exclude user content & execution output
# ✔ MBR-508 store-side execution refuses to self-certify authority
# ✔ MBR-508 store-side execution is bounded, cancellable & transactional
# ✔ MBR-508 execution receipts exclude user content & are schema-versioned
#
# These are the only executable commands run for this task. They are plain
# Node structural/contract checks over the Rust source text (no cargo, no
# rustc, no Tauri/pnpm release build) and were run to confirm the new
# engine/crates/crypt-store/src/maintenance_exec.rs module keeps the same
# no-self-certification / bounded / auditable contract as the existing
# planner in engine/crates/membrane-supervisor/src/maintenance.rs before
# committing.

# cargo fmt --manifest-path engine/Cargo.toml --all -- --check   -- NOT RUN
# cargo test --manifest-path engine/Cargo.toml --workspace       -- NOT RUN
#
# Per MEMBRANE-BOOK-MODE-EXECUTION-RULES.md, "Do not execute the manifest
# `commands` list and do not write `acceptance.json.status = pass` yet" at
# task-implementation time; the manifest commands run once at the final
# phased book gate (Gate phase 3.2 -- Wave 4 phase). This task's dispatch
# instructions additionally forbid running any cargo build/test/check/
# clippy/rustc command directly.
#
# The 20 new #[test] functions added by this task (13 in
# engine/crates/membrane-supervisor/src/maintenance.rs, 7 in
# engine/crates/crypt-store/src/maintenance_exec.rs) are deterministic Rust
# unit tests, written and left unexecuted as required, to be run at the
# Wave 4 phased gate via `cargo test --manifest-path engine/Cargo.toml
# --workspace`.

# No cargo build, no Tauri or pnpm release build, and no mutating git
# command (add/commit/checkout/stash/reset/rebase) was run at any point in
# this task.
