$ node --test tools/productization/generate-support-matrix.test.mjs
✔ no receipts on disk: every platform/client pair is unavailable, never fabricated
✔ no current release generation supplied: stays unavailable even with a receipt on disk
✔ a real, current, verified macOS receipt qualifies exactly its platform and client
✔ a receipt for a stale commit never qualifies, even though the file is otherwise valid
✔ a receipt with an incomplete scenario set never qualifies
✔ one client's receipt never qualifies a sibling client on the same platform
✔ render() produces one markdown row per matrix row with tier and reason
✔ README splice round-trips through the marker block and rejects a README without markers
✔ applyServerJson only fills a target's platformReceipt when its platform is currently qualified
✔ applyServerJson never fills a target when no receipt exists anywhere
tests 10
pass 10
fail 0
cancelled 0
skipped 0
todo 0

$ node tools/productization/generate-support-matrix.mjs
(no stdout; writes docs/support-matrix.md, docs/support-matrix.json, the
README.md support-matrix block, and server.json's platformReceipt fields —
server.json was left byte-identical because no current receipt exists to
report, so applying the matrix produced no semantic change)

$ git status --porcelain -- docs/support-matrix.md docs/support-matrix.json README.md server.json
 M README.md
 M docs/support-matrix.json
 M docs/support-matrix.md
(server.json: no output — confirmed unchanged)

$ node tools/productization/generate-support-matrix.mjs   # re-run to confirm idempotency
$ git status --porcelain -- docs/support-matrix.md docs/support-matrix.json README.md server.json
 M README.md
 M docs/support-matrix.json
 M docs/support-matrix.md
(identical diff as the first run; generator is idempotent)

Per MEMBRANE-BOOK-MODE-EXECUTION-RULES.md and the task's hard rules, the
manifest command `node scripts/qualification/run.mjs --task MBR-808` was NOT
executed (that script does not implement task MBR-808 at all — it is
MBR-801's harness entrypoint, guarded to run only for task=MBR-801). No
cargo/pnpm/Tauri build, no other test file, and no mutating git command was
run.
