$ node --test tests/platform/macos/homebrew-generate.test.mjs
✔ the real right-release.config.mjs declares arm64-only mac artifacts (the declared Intel gap MBR-904 must respect) (5.640125ms)
✔ resolveFormulaArtifacts against the real config reports both architectures as an explicit, reasoned gap (1.472708ms)
✔ a single-arch (arm64-only) sealed release resolves arm64 but leaves mac-x64 explicitly blocked, never silently assumed (15.376166ms)
✔ a sealed file whose bytes do not match its recorded sha256 fails closed before any Cask is generated (6.67875ms)
✔ an unsealed or schema-invalid manifest fails closed (2.458917ms)
✔ a dual-arch (arm64 + x64) sealed release is ready and renders a Cask/Formula that handle both architectures explicitly (4.938792ms)
✔ renderCask/renderFormula refuse to render real output for malformed resolved data even when ready:true is forced (0.621333ms)
✔ the committed Cask and Formula are exactly the generator's not-ready placeholder (1.73975ms)
✔ validateCaskSource/validateFormulaSource accept the committed not-ready placeholders and reject a source that leaks real data while not ready (0.782667ms)
✔ the committed packaging/homebrew/release.v1.json declares both mac architectures with no real evidence yet (0.621417ms)
✔ CLI plan rejects a malformed --commit before reading any config or manifest (102.748042ms)
✔ CLI plan fails closed when the sealed manifest for the given commit does not exist (198.15825ms)
✔ CLI plan on real fixture inputs reports arm64 resolved and mac-x64 explicitly blocked, and never writes any file without --out (313.419625ms)
✔ CLI render reproduces the exact committed placeholder for the current not-ready contract shape (139.859375ms)
✔ CLI validate passes against the real committed Cask/Formula with no contract given (87.93625ms)
ℹ tests 15
ℹ suites 0
ℹ pass 15
ℹ fail 0
ℹ cancelled 0
ℹ skipped 0
ℹ todo 0
ℹ duration_ms 1029.671833

$ node --test tests/platform/macos/homebrew.test.mjs
# (pre-existing MBR-011-lane test, in this task's allowlist but not modified
# by this task; run only to confirm it is undisturbed by this change)
✔ Homebrew metadata remains unavailable until immutable signed release evidence exists (8.105875ms)
✔ Cask & Formula fail before Homebrew can fetch or install placeholders (1.271833ms)
ℹ tests 2
ℹ pass 2
ℹ fail 0

# Real-world sanity check (read-only): the generator's `plan` command against
# a genuine local `.right-release/sealed/...` output from an earlier, real
# `right-release build --platform mac` run at commit
# 0d5e7077b7ef14cd9baeb1d60ef453d6b44bae30 (version 0.1.5). This directory is
# gitignored local build state (tools/rightkit's own state, not produced by
# this task) and is read here only to prove the generator's resolution logic
# against real RightKit output; it is not part of the automated test suite
# (which uses only self-contained temp fixtures so it stays hermetic on a
# fresh checkout). No file was written (--out was not given).
$ node scripts/release/homebrew/generate.mjs plan --commit 0d5e7077b7ef14cd9baeb1d60ef453d6b44bae30
{
  "schema": "orthic.membrane.homebrew-release.v1",
  "releaseId": "membrane-hub-0.1.5-0d5e7077",
  "sealedDir": ".right-release/sealed/membrane-hub-0.1.5-0d5e7077/mac",
  "releaseGeneration": "7b9336ae7205968fe5cc56037bb3432a37923ad6b643de6ec315e75317ddd8f1",
  "cask": {
    "commit": "0d5e7077b7ef14cd9baeb1d60ef453d6b44bae30",
    "version": "0.1.5",
    "arches": {
      "mac-arm64": {
        "url": "https://pub-6c73208d46c245a9b4881d5e02f6b618.r2.dev/membrane/installers/mac/current/Membrane_Hub.dmg",
        "sha256": "4759c7c28e47ce949410e389fdc8d035f22a5ed10b6dbc288d0d03956d9b3bad",
        "filename": "Membrane Hub_0.1.5_aarch64.dmg",
        "sizeBytes": 17643362
      },
      "mac-x64": {
        "blocked": true,
        "reason": "apps/membrane-hub/right-release.config.mjs declares no x86_64/Intel mac installer target (targets.mac.installer.artifacts has an aarch64 DMG only)"
      }
    },
    "ready": false
  },
  "formula": {
    "version": "0.1.5",
    "arches": {
      "mac-arm64": { "blocked": true, "reason": "apps/membrane-hub/right-release.config.mjs declares no headless CLI/daemon release target for mac (only the Tauri Hub app/dmg is built); Homebrew Formula has no real artifact to consume yet" },
      "mac-x64": { "blocked": true, "reason": "apps/membrane-hub/right-release.config.mjs declares no headless CLI/daemon release target for mac (only the Tauri Hub app/dmg is built); Homebrew Formula has no real artifact to consume yet" }
    },
    "ready": false
  }
}

# Per MEMBRANE-BOOK-MODE-EXECUTION-RULES.md and this task's hard rules, the
# manifest command (`node scripts/release/verify-release-plan.mjs --task
# MBR-904`) was NOT executed during this task, and no cargo/pnpm/Tauri build,
# `brew`, or signing tool was run. This task's own test file and one
# read-only `plan` sanity check against pre-existing local build state
# (above) are the only commands executed. No mutating git command was run.
