{"event":"activation_requested","observedAtUnixMs":1789381434502,"pid":243200,"reason":"standalone_daemon"}
{"event":"owner_acquired","observedAtUnixMs":1789381434508,"pid":243200,"reason":"resident_engine"}
{"event":"ready","observedAtUnixMs":1789381438963,"pid":243200,"reason":"transport"}
{"event":"holder_acquired","observedAtUnixMs":1789381439105,"pid":243200,"reason":"resident_holder"}
{"event":"holder_acquired","observedAtUnixMs":1789381440801,"pid":243200,"reason":"resident_holder"}
{"event":"holder_released","observedAtUnixMs":1789381440804,"pid":243200,"reason":"resident_holder"}
{"event":"holder_acquired","observedAtUnixMs":1789381441345,"pid":243200,"reason":"resident_holder"}
{"event":"holder_acquired","observedAtUnixMs":1789381442473,"pid":243200,"reason":"resident_holder"}
{"event":"holder_released","observedAtUnixMs":1789381442476,"pid":243200,"reason":"resident_holder"}
{"event":"holder_acquired","observedAtUnixMs":1789381443019,"pid":243200,"reason":"resident_holder"}
{"event":"holder_acquired","observedAtUnixMs":1789381444233,"pid":243200,"reason":"resident_holder"}
{"event":"holder_released","observedAtUnixMs":1789381444236,"pid":243200,"reason":"resident_holder"}
{"event":"holder_acquired","observedAtUnixMs":1789381472355,"pid":243200,"reason":"resident_holder"}
{"event":"holder_renewed","observedAtUnixMs":1789381482358,"pid":243200,"reason":"resident_holder"}
{"event":"holder_acquired","observedAtUnixMs":1789381483653,"pid":243200,"reason":"resident_holder"}
{"event":"holder_acquired","observedAtUnixMs":1789381483768,"pid":243200,"reason":"resident_holder"}
{"event":"holder_released","observedAtUnixMs":1789381483776,"pid":243200,"reason":"resident_holder"}
{"event":"drain_requested","observedAtUnixMs":1789381483784,"pid":243200,"reason":"final_holder_release"}
{"event":"holder_released","observedAtUnixMs":1789381483784,"pid":243200,"reason":"resident_holder"}
{"event":"engine_shutdown_deadline_started","observedAtUnixMs":1789381483784,"pid":243200,"reason":"complete_teardown"}
{"event":"engine_stopped","observedAtUnixMs":1789381484001,"pid":243200,"reason":"resident_engine"}
{"event":"activation_requested","observedAtUnixMs":1789381508116,"pid":200760,"reason":"standalone_daemon"}
{"event":"owner_acquired","observedAtUnixMs":1789381508117,"pid":200760,"reason":"resident_engine"}
{"event":"ready","observedAtUnixMs":1789381512117,"pid":200760,"reason":"transport"}
{"event":"holder_status","observedAtUnixMs":1789381512410,"pid":200760,"reason":"resident_holder"}
{"event":"holder_status","observedAtUnixMs":1789381512433,"pid":200760,"reason":"resident_holder"}
{"event":"holder_status","observedAtUnixMs":1789381512955,"pid":200760,"reason":"resident_holder"}
{"event":"holder_status","observedAtUnixMs":1789381512985,"pid":200760,"reason":"resident_holder"}
{"event":"background_authority_granted","observedAtUnixMs":1789381512986,"pid":200760,"reason":"background_holder_active"}
{"event":"holder_acquired","observedAtUnixMs":1789381512986,"pid":200760,"reason":"resident_holder"}
{"event":"holder_status","observedAtUnixMs":1789381513485,"pid":200760,"reason":"resident_holder"}
{"event":"holder_status","observedAtUnixMs":1789381514433,"pid":200760,"reason":"resident_holder"}
{"event":"holder_status","observedAtUnixMs":1789381516449,"pid":200760,"reason":"resident_holder"}
{"event":"holder_status","observedAtUnixMs":1789381518465,"pid":200760,"reason":"resident_holder"}
{"event":"holder_status","observedAtUnixMs":1789381520481,"pid":200760,"reason":"resident_holder"}
{"event":"holder_status","observedAtUnixMs":1789381522497,"pid":200760,"reason":"resident_holder"}
{"event":"holder_status","observedAtUnixMs":1789381522996,"pid":200760,"reason":"resident_holder"}
{"event":"holder_renewed","observedAtUnixMs":1789381522997,"pid":200760,"reason":"resident_holder"}
{"event":"holder_status","observedAtUnixMs":1789381524511,"pid":200760,"reason":"resident_holder"}
{"event":"holder_status","observedAtUnixMs":1789381526528,"pid":200760,"reason":"resident_holder"}
{"event":"holder_status","observedAtUnixMs":1789381528546,"pid":200760,"reason":"resident_holder"}
{"event":"holder_status","observedAtUnixMs":1789381530564,"pid":200760,"reason":"resident_holder"}
{"event":"holder_status","observedAtUnixMs":1789381532582,"pid":200760,"reason":"resident_holder"}
{"event":"holder_status","observedAtUnixMs":1789381533005,"pid":200760,"reason":"resident_holder"}
{"event":"holder_renewed","observedAtUnixMs":1789381533006,"pid":200760,"reason":"resident_holder"}
{"event":"holder_status","observedAtUnixMs":1789381534601,"pid":200760,"reason":"resident_holder"}
{"event":"holder_status","observedAtUnixMs":1789381536618,"pid":200760,"reason":"resident_holder"}
{"event":"holder_status","observedAtUnixMs":1789381538636,"pid":200760,"reason":"resident_holder"}
{"event":"holder_status","observedAtUnixMs":1789381540652,"pid":200760,"reason":"resident_holder"}
{"event":"holder_status","observedAtUnixMs":1789381542668,"pid":200760,"reason":"resident_holder"}
{"event":"holder_status","observedAtUnixMs":1789381543017,"pid":200760,"reason":"resident_holder"}
{"event":"holder_renewed","observedAtUnixMs":1789381543018,"pid":200760,"reason":"resident_holder"}
{"event":"holder_status","observedAtUnixMs":1789381544685,"pid":200760,"reason":"resident_holder"}
{"event":"holder_status","observedAtUnixMs":1789381546703,"pid":200760,"reason":"resident_holder"}
{"event":"holder_status","observedAtUnixMs":1789381548719,"pid":200760,"reason":"resident_holder"}
{"event":"holder_status","observedAtUnixMs":1789381550100,"pid":200760,"reason":"resident_holder"}
{"event":"holder_status","observedAtUnixMs":1789381550736,"pid":200760,"reason":"resident_holder"}
{"event":"activation_requested","observedAtUnixMs":1789381559413,"pid":246092,"reason":"standalone_daemon"}
{"event":"owner_acquired","observedAtUnixMs":1789381559414,"pid":246092,"reason":"resident_engine"}
{"event":"ready","observedAtUnixMs":1789381561246,"pid":246092,"reason":"transport"}
{"event":"holder_status","observedAtUnixMs":1789381561672,"pid":246092,"reason":"resident_holder"}
{"event":"background_authority_granted","observedAtUnixMs":1789381561673,"pid":246092,"reason":"background_holder_active"}
{"event":"holder_acquired","observedAtUnixMs":1789381561673,"pid":246092,"reason":"resident_holder"}
{"event":"holder_status","observedAtUnixMs":1789381561886,"pid":246092,"reason":"resident_holder"}
{"event":"holder_status","observedAtUnixMs":1789381562205,"pid":246092,"reason":"resident_holder"}
{"event":"holder_acquired","observedAtUnixMs":1789381562243,"pid":246092,"reason":"resident_holder"}
{"event":"holder_status","observedAtUnixMs":1789381562249,"pid":246092,"reason":"resident_holder"}
{"event":"holder_status","observedAtUnixMs":1789381562266,"pid":246092,"reason":"resident_holder"}
{"event":"holder_status","observedAtUnixMs":1789381562792,"pid":246092,"reason":"resident_holder"}
{"event":"holder_status","observedAtUnixMs":1789381563324,"pid":246092,"reason":"resident_holder"}
{"event":"holder_status","observedAtUnixMs":1789381563836,"pid":246092,"reason":"resident_holder"}
{"event":"holder_status","observedAtUnixMs":1789381564367,"pid":246092,"reason":"resident_holder"}
{"event":"holder_status","observedAtUnixMs":1789381564894,"pid":246092,"reason":"resident_holder"}
{"event":"holder_status","observedAtUnixMs":1789381565424,"pid":246092,"reason":"resident_holder"}
{"event":"holder_status","observedAtUnixMs":1789381565951,"pid":246092,"reason":"resident_holder"}
{"event":"holder_status","observedAtUnixMs":1789381566483,"pid":246092,"reason":"resident_holder"}
{"event":"holder_status","observedAtUnixMs":1789381567011,"pid":246092,"reason":"resident_holder"}
{"event":"holder_status","observedAtUnixMs":1789381567540,"pid":246092,"reason":"resident_holder"}
{"event":"holder_status","observedAtUnixMs":1789381568068,"pid":246092,"reason":"resident_holder"}
{"event":"holder_status","observedAtUnixMs":1789381568586,"pid":246092,"reason":"resident_holder"}
{"event":"holder_status","observedAtUnixMs":1789381569114,"pid":246092,"reason":"resident_holder"}
{"event":"holder_status","observedAtUnixMs":1789381569643,"pid":246092,"reason":"resident_holder"}
{"event":"holder_status","observedAtUnixMs":1789381570174,"pid":246092,"reason":"resident_holder"}
{"event":"holder_status","observedAtUnixMs":1789381570700,"pid":246092,"reason":"resident_holder"}
{"event":"holder_status","observedAtUnixMs":1789381571230,"pid":246092,"reason":"resident_holder"}
{"event":"holder_status","observedAtUnixMs":1789381571762,"pid":246092,"reason":"resident_holder"}
{"event":"holder_renewed","observedAtUnixMs":1789381572246,"pid":246092,"reason":"resident_holder"}
{"event":"holder_status","observedAtUnixMs":1789381572274,"pid":246092,"reason":"resident_holder"}
{"event":"holder_status","observedAtUnixMs":1789381572801,"pid":246092,"reason":"resident_holder"}
{"event":"holder_status","observedAtUnixMs":1789381573330,"pid":246092,"reason":"resident_holder"}
{"event":"holder_status","observedAtUnixMs":1789381573859,"pid":246092,"reason":"resident_holder"}
{"event":"holder_status","observedAtUnixMs":1789381574372,"pid":246092,"reason":"resident_holder"}
{"event":"holder_status","observedAtUnixMs":1789381574900,"pid":246092,"reason":"resident_holder"}
{"event":"holder_status","observedAtUnixMs":1789381575432,"pid":246092,"reason":"resident_holder"}
{"event":"holder_status","observedAtUnixMs":1789381575975,"pid":246092,"reason":"resident_holder"}
{"event":"holder_status","observedAtUnixMs":1789381576515,"pid":246092,"reason":"resident_holder"}
{"event":"holder_status","observedAtUnixMs":1789381577050,"pid":246092,"reason":"resident_holder"}
{"event":"holder_status","observedAtUnixMs":1789381577564,"pid":246092,"reason":"resident_holder"}
{"event":"holder_status","observedAtUnixMs":1789381578091,"pid":246092,"reason":"resident_holder"}
{"event":"holder_status","observedAtUnixMs":1789381578620,"pid":246092,"reason":"resident_holder"}
{"event":"holder_status","observedAtUnixMs":1789381579141,"pid":246092,"reason":"resident_holder"}
{"event":"holder_status","observedAtUnixMs":1789381579671,"pid":246092,"reason":"resident_holder"}
{"event":"holder_status","observedAtUnixMs":1789381580209,"pid":246092,"reason":"resident_holder"}
{"event":"holder_status","observedAtUnixMs":1789381580732,"pid":246092,"reason":"resident_holder"}
{"event":"holder_status","observedAtUnixMs":1789381581263,"pid":246092,"reason":"resident_holder"}
{"event":"holder_status","observedAtUnixMs":1789381581795,"pid":246092,"reason":"resident_holder"}
{"event":"holder_renewed","observedAtUnixMs":1789381582249,"pid":246092,"reason":"resident_holder"}
{"event":"holder_status","observedAtUnixMs":1789381582346,"pid":246092,"reason":"resident_holder"}
{"event":"holder_status","observedAtUnixMs":1789381582852,"pid":246092,"reason":"resident_holder"}
{"event":"holder_status","observedAtUnixMs":1789381583389,"pid":246092,"reason":"resident_holder"}
{"event":"holder_status","observedAtUnixMs":1789381583925,"pid":246092,"reason":"resident_holder"}
{"event":"holder_status","observedAtUnixMs":1789381584444,"pid":246092,"reason":"resident_holder"}
{"event":"holder_status","observedAtUnixMs":1789381584973,"pid":246092,"reason":"resident_holder"}
{"event":"holder_status","observedAtUnixMs":1789381585493,"pid":246092,"reason":"resident_holder"}
{"event":"holder_status","observedAtUnixMs":1789381586021,"pid":246092,"reason":"resident_holder"}
{"event":"holder_status","observedAtUnixMs":1789381586553,"pid":246092,"reason":"resident_holder"}
{"event":"holder_status","observedAtUnixMs":1789381587088,"pid":246092,"reason":"resident_holder"}
{"event":"holder_status","observedAtUnixMs":1789381587612,"pid":246092,"reason":"resident_holder"}
{"event":"holder_status","observedAtUnixMs":1789381588144,"pid":246092,"reason":"resident_holder"}
{"event":"holder_status","observedAtUnixMs":1789381588673,"pid":246092,"reason":"resident_holder"}
{"event":"holder_status","observedAtUnixMs":1789381589201,"pid":246092,"reason":"resident_holder"}
{"event":"holder_status","observedAtUnixMs":1789381589733,"pid":246092,"reason":"resident_holder"}
{"event":"holder_status","observedAtUnixMs":1789381590274,"pid":246092,"reason":"resident_holder"}
{"event":"holder_status","observedAtUnixMs":1789381590799,"pid":246092,"reason":"resident_holder"}
{"event":"holder_status","observedAtUnixMs":1789381591339,"pid":246092,"reason":"resident_holder"}
{"event":"background_authority_drained","observedAtUnixMs":1789381591683,"pid":246092,"reason":"no_background_holder_expired"}
{"event":"holder_status","observedAtUnixMs":1789381591863,"pid":246092,"reason":"resident_holder"}
{"event":"holder_renewed","observedAtUnixMs":1789381592253,"pid":246092,"reason":"resident_holder"}
{"event":"drain_requested","observedAtUnixMs":1789381592679,"pid":246092,"reason":"final_holder_release"}
{"event":"holder_released","observedAtUnixMs":1789381592679,"pid":246092,"reason":"resident_holder"}
{"event":"engine_shutdown_deadline_started","observedAtUnixMs":1789381592688,"pid":246092,"reason":"complete_teardown"}
membrane: engine startup failed: resident Blueprint supervisor drain timeout; singleton retained
