# task=MBR-909; book=3 (Wave 4); status=implemented_pending_book_gate
# Per MEMBRANE-BOOK-MODE-EXECUTION-RULES.md ("Task implementation state" and
# "Local dispatch utility incompatibility"): no per-task test/qualification/PPM
# gate. The manifest `commands` list
# (node scripts/release/verify-release-plan.mjs --task MBR-909) is
# deliberately NOT executed in this task change; it runs once, manually, at
# the Book 3 Wave 4 final phased gate against the integrated tree.
#
# Hard rules for this task change: never run cargo/pnpm/Tauri builds; never
# run mutating git commands; never publish to PyPI or any index, and never
# add a step that could publish unattended. No such command was run.
# setuptools/build/wheel are NOT installed in this environment (verified
# below) and this task does not install them: no `python3 -m build`,
# `pip install`, or `setup.py sdist/bdist_wheel` was run. Packaging
# correctness is proven statically instead, per commands below.

$ node scripts/release/verify-release-plan.mjs --task MBR-909
# NOT RUN (deferred to Book 3 Wave 4 gate; manifest commands are not
# executed in a per-task change per the book-mode execution rules)

# ---------------------------------------------------------------------------
# Environment check run before deciding the packaging-verification approach:

$ python3 --version
Python 3.14.6

$ python3 -c "import setuptools" 2>&1
Traceback (most recent call last):
  ...
ModuleNotFoundError: No module named 'setuptools'

$ python3 -c "import build" 2>&1
Traceback (most recent call last):
  ...
ModuleNotFoundError: No module named 'build'
# Neither the setuptools build backend nor the `build` frontend is
# installed. This task does not install either (no new dependency; not
# named by this dispatch; installing would also require network access).
# The packaging-boundary test (below) therefore statically re-derives the
# specific setuptools `packages.find` discovery rule this package's
# pyproject.toml uses (a directory under `src` containing __init__.py is a
# package) directly against the filesystem, rather than invoking a real
# build, and is scoped to prove exactly what MBR-909 requires: the package
# is a thin client and nothing more.

# ---------------------------------------------------------------------------
# This task's own new/modified test files, run directly per this task's
# explicit allowance to run `python3 -m unittest <your test file>` /
# `python3 <your test file>`:

$ python3 tests/sdk/python_package_boundary_test.py -v
test_discovered_packages_equal_the_allowlist ... ok
test_distribution_name_matches_pyproject ... ok
test_include_package_data_is_explicitly_disabled ... ok
test_package_root_matches_setuptools_find_where ... ok
test_package_tree_contains_no_forbidden_file_extension ... ok
test_py_typed_marker_is_shipped_and_declared ... ok
test_pyproject_text_never_references_a_forbidden_path_prefix ... ok
test_readme_and_license_stay_inside_the_package_directory ... ok
test_runtime_dependencies_are_empty_in_both_places ... ok
test_boundary_document_satisfies_every_required_field_and_type ... ok
test_no_unknown_top_level_fields_in_the_boundary_document ... ok
test_schema_declares_the_fields_this_suite_relies_on ... ok
----------------------------------------------------------------------
Ran 12 tests in 0.011s

OK

$ python3 tests/sdk/python_daemon_compatibility_test.py -v
test_client_accepts_every_daemon_version_the_schema_lists_as_supported ... ok
test_client_fails_closed_against_a_daemon_newer_than_any_supported_version ... ok
test_previous_supported_daemon_degradation_semantics_still_hold ... ok
test_schema_still_advertises_a_current_and_a_previous_version ... ok
----------------------------------------------------------------------
Ran 4 tests in 0.001s

OK

$ python3 -m unittest tests.sdk.python_client_test tests.sdk.python_package_boundary_test tests.sdk.python_daemon_compatibility_test
# same 12 + 4 new tests plus the 10 pre-existing, unmodified
# tests/sdk/python_client_test.py tests, run via the module-path form
# docs/sdk/README.md documents, to confirm both invocation styles work and
# this task's additions do not collide with or regress MBR-308's suite
..........................
----------------------------------------------------------------------
Ran 26 tests in 0.005s

OK

# ---------------------------------------------------------------------------
# Regression check on the pre-existing, unmodified TypeScript/Rust-adjacent
# SDK compatibility suites, since docs/sdk/README.md (which
# http-transport-contract.test.mjs partially reads) was edited in this task:

$ node --test tests/sdk/http-transport-contract.test.mjs tests/sdk/cross-language-compat.test.mjs
✔ canonical v1 golden envelopes share TypeScript, Python & Rust constants
✔ TypeScript client accepts canonical success & types canonical error
✔ typed error sets match Python & Rust contracts
✔ clients are injected-transport only & reject version drift
✔ http-transport.md names the same path and headers as mcp_http.rs
✔ http-transport.md names every denial code the schema defines
✔ the Rust client's own compatibility tests exist and read the shared golden fixtures
ℹ tests 7
ℹ pass 7
ℹ fail 0

# engine/crates/membrane-client is untouched by this task (Rust source and
# tests are outside this task's allowlist), so no Rust suite reruns here;
# cargo is also forbidden in this task change per the hard rules.
