$ node --test scripts/release/macos/release-macos-pipeline.test.mjs
✔ buildPlatformAcceptanceReceipt produces a receipt the shared platform-acceptance validator accepts (3.162875ms)
✔ a receipt is rejected closed when gatekeeper, update, or clean-vm isolation is not proven (0.745292ms)
✔ notarytoolAuthArgs defaults to RightKit's own keychain profile name (0.896458ms)
✔ notarytoolAuthArgs fails closed on a partial API-key triplet (0.183375ms)
✔ sealedReleaseDir names the exact .right-release/sealed path RightKit's build-release.mjs seals to (0.217833ms)
✔ readSealedReleaseManifest reads RightKit's real sealed manifest shape and finds the installer entry (3.917875ms)
✔ readSealedReleaseManifest fails closed on a missing, unsealed, or wrong-platform manifest (6.72175ms)
✔ verifySealedInstallerHash confirms the DMG on disk matches what RightKit sealed, and fails closed on tampering (5.426541ms)
✔ CLI verify rejects missing --app/--dmg before touching any signing tool (100.150916ms)
✔ CLI receipt rejects a nonexistent app before touching any signing tool (147.720875ms)
✔ CLI verify rejects a --sealed-dir mismatch before touching any signing tool (76.271375ms)
✔ CLI notarization-log rejects a missing/malformed --submission-id before invoking xcrun (121.932834ms)
✔ CLI notarization-log rejects a partial API-key triplet before invoking xcrun (88.644958ms)
✔ CLI platform-receipt rejects an incomplete receipt before writing any file (93.760791ms)
✔ CLI verify-receipt rejects a missing receipt file before touching any signing tool (74.81275ms)
✔ the removed bespoke sign/notarize/staple/plan commands are gone; the CLI rejects them (314.775875ms)
ℹ tests 16
ℹ suites 0
ℹ pass 16
ℹ fail 0
ℹ cancelled 0
ℹ skipped 0
ℹ todo 0
ℹ duration_ms 1293.059958

# This repair task's hard rules forbid running cargo/pnpm/Tauri builds,
# right-release, codesign, notarytool, spctl, stapler, or any other signing
# command. The test run above is the only command executed. Every CLI test
# above spawns scripts/release/macos/release-macos.mjs as a real child
# process and asserts it fails closed on argument/contract/hash validation
# before reaching a real codesign/spctl/hdiutil/xcrun/stapler invocation --
# no signing tool ran, no credential was read or printed, and no .app/.dmg
# was built, signed, or modified.
#
# The following commands are the real, credentialled acceptance run this
# task's rewritten pipeline wraps. They are deferred to the Book 3 final
# phased gate, run there by the orchestrator on a machine holding the
# Developer ID signing identity and a notarytool credential:
#
#   pnpm --dir apps/membrane-hub release:doctor
#   pnpm --dir apps/membrane-hub release:build:mac
#     # -> .right-release/sealed/membrane-hub-<version>-<commit8>/mac/
#     #    (Membrane Hub_<version>_aarch64.dmg, release-manifest.json, hardening.json)
#   node scripts/release/macos/release-macos.mjs verify \
#     --app apps/membrane-hub/src-tauri/target/release/bundle/macos/"Membrane Hub.app" \
#     --dmg .right-release/sealed/<releaseId>/mac/"Membrane Hub_<version>_aarch64.dmg" \
#     --sealed-dir .right-release/sealed/<releaseId>/mac
#   node scripts/release/macos/release-macos.mjs notarization-log \
#     --submission-id <uuid-from-xcrun-notarytool-history> --out <path>
#   node scripts/release/macos/release-macos.mjs receipt \
#     --app <path>.app --dmg <path>.dmg --commit <sha> --version <semver> --out <path>
#   node scripts/release/macos/release-macos.mjs platform-receipt \
#     --out <path> --mode clean-vm --clean --machine-digest <sha256> ...
#   node scripts/release/verify-release-plan.mjs --task MBR-901
#
# This task's own test file (above) is the only command executed here. No
# mutating git command was run.
